{"tool":"phpunit","result":"failed","tests":1,"passed":0,"assertions":9,"duration_ms":7281,"failed":1,"failures":[{"test":"Tests\\Feature\\Console\\OtaClientViewSmokeCommandTest::test_command_passes_for_haseeb_master_with_resolution_and_http_checks","file":"C:\\Users\\khadi\\ota\\tests\\Feature\\Console\\OtaClientViewSmokeCommandTest.php","line":30,"message":"Output does not contain \"GET /haseeb-master/home\"."}]}
